// Vitest Snapshot v1, https://vitest.dev/guide/snapshot.html

exports[`DiscussionPlanDeleteCard > matches snapshot 1`] = `"<i aria-hidden="true" class="trash alternate outline icon delete-btn"></i>"`;
