// Jest Snapshot v1, https://goo.gl/fbAQLP

exports[`Family History Note matches snapshot 1`] = `"<div></div>"`;
