// Jest Snapshot v1, https://goo.gl/fbAQLP

exports[`Surgical History Note matches snapshot 1`] = `"<div>No surgical history reported.</div>"`;
