// Vitest Snapshot v1, https://vitest.dev/guide/snapshot.html

exports[`AllergiesNote > matches snapshot 1`] = `"<div></div>"`;
