// Jest Snapshot v1, https://goo.gl/fbAQLP

exports[`Medical History Note matches snapshot 1`] = `"<div></div>"`;
