// Jest Snapshot v1, https://goo.gl/fbAQLP

exports[`Physical Exam Note matches snapshot 1`] = `"<ul></ul>"`;
