// Vitest Snapshot v1, https://vitest.dev/guide/snapshot.html

exports[`ReviewOfSystems Note > matches snapshot 1`] = `"<div></div>"`;
