// Vitest Snapshot v1, https://vitest.dev/guide/snapshot.html

exports[`Social History Generate Note > matches snapshot 1`] = `"<div><div><div></div><div></div><div></div><div></div><div></div><div></div><div></div><div></div><div></div></div></div>"`;
