// Jest Snapshot v1, https://goo.gl/fbAQLP

exports[`Medications Integration Desktop view matches snapshot 1`] = `"<div class=\\"accordion ui fluid styled\\"><div class=\\"title\\"><i aria-hidden=\\"true\\" class=\\"dropdown top left corner icon medications-desktop-accordion-dropdown-icon\\"></i><table class=\\"ui table medications-desktop-accordion-title\\"><tbody class=\\"\\"><tr class=\\"\\"><td class=\\"three wide\\"><div class=\\"ui input content-input content-dropdown medication\\"><div class=\\"side-effects css-2b097c-container\\"><div class=\\"dropdown__control css-yk16xz-control\\"><div class=\\"dropdown__value-container dropdown__value-container--has-value css-g1d714-ValueContainer\\"><div class=\\"dropdown__single-value css-1uccc91-singleValue\\"></div><div class=\\"css-b8ldur-Input\\"><div class=\\"dropdown__input\\" style=\\"display: inline-block;\\"><input autocapitalize=\\"none\\" autocomplete=\\"off\\" autocorrect=\\"off\\" id=\\"react-select-14-input\\" spellcheck=\\"false\\" tabindex=\\"0\\" type=\\"text\\" aria-autocomplete=\\"list\\" aria-label=\\"Drug-Name-Dropdown\\" style=\\"box-sizing: content-box; width: 2px; border: 0px; font-size: inherit; opacity: 1; outline: 0; padding: 0px;\\" value=\\"\\"><div style=\\"position: absolute; top: 0px; left: 0px; visibility: hidden; height: 0px; overflow: scroll; white-space: pre; font-size: inherit; font-family: -webkit-small-control; letter-spacing: normal; text-transform: none;\\"></div></div></div></div><div class=\\"dropdown__indicators css-1hb7zxy-IndicatorsContainer\\"><div class=\\"dropdown__indicator dropdown__clear-indicator css-tlfecz-indicatorContainer\\" aria-hidden=\\"true\\"><svg height=\\"20\\" width=\\"20\\" viewBox=\\"0 0 20 20\\" aria-hidden=\\"true\\" focusable=\\"false\\" class=\\"css-tj5bde-Svg\\"><path d=\\"M14.348 14.849c-0.469 0.469-1.229 0.469-1.697 0l-2.651-3.030-2.651 3.029c-0.469 0.469-1.229 0.469-1.697 0-0.469-0.469-0.469-1.229 0-1.697l2.758-3.15-2.759-3.152c-0.469-0.469-0.469-1.228 0-1.697s1.228-0.469 1.697 0l2.652 3.031 2.651-3.031c0.469-0.469 1.228-0.469 1.697 0s0.469 1.229 0 1.697l-2.758 3.152 2.758 3.15c0.469 0.469 0.469 1.229 0 1.698z\\"></path></svg></div><span class=\\"dropdown__indicator-separator css-1okebmr-indicatorSeparator\\"></span><div class=\\"dropdown__indicator dropdown__dropdown-indicator css-tlfecz-indicatorContainer\\" aria-hidden=\\"true\\"><svg height=\\"20\\" width=\\"20\\" viewBox=\\"0 0 20 20\\" aria-hidden=\\"true\\" focusable=\\"false\\" class=\\"css-tj5bde-Svg\\"><path d=\\"M4.516 7.548c0.436-0.446 1.043-0.481 1.576 0l3.908 3.747 3.908-3.747c0.533-0.481 1.141-0.446 1.574 0 0.436 0.445 0.408 1.197 0 1.615-0.406 0.418-4.695 4.502-4.695 4.502-0.217 0.223-0.502 0.335-0.787 0.335s-0.57-0.112-0.789-0.335c0 0-4.287-4.084-4.695-4.502s-0.436-1.17 0-1.615z\\"></path></svg></div></div></div></div></div></td><td class=\\"three wide\\"><div rowindex=\\"0\\" class=\\"ui fluid transparent input content-input\\"><input placeholder=\\"e.g. 81 mg tablet\\" aria-label=\\"Dose-Input\\" type=\\"Dose\\" value=\\"\\"></div></td><td class=\\"three wide\\"><div rowindex=\\"0\\" class=\\"ui fluid transparent input content-input\\"><input placeholder=\\"e.g. once a day\\" aria-label=\\"Schedule-Input\\" type=\\"Schedule\\" value=\\"\\"></div></td><td class=\\"one wide\\"><i>for</i></td><td class=\\"three wide\\"><div class=\\"ui transparent input content-input content-dropdown medication reason\\"><div class=\\"side-effects medication css-2b097c-container\\"><div class=\\"dropdown__control css-yk16xz-control\\"><div class=\\"dropdown__value-container dropdown__value-container--has-value css-g1d714-ValueContainer\\"><div class=\\"dropdown__single-value css-1uccc91-singleValue\\"></div><div class=\\"css-b8ldur-Input\\"><div class=\\"dropdown__input\\" style=\\"display: inline-block;\\"><input autocapitalize=\\"none\\" autocomplete=\\"off\\" autocorrect=\\"off\\" id=\\"react-select-15-input\\" spellcheck=\\"false\\" tabindex=\\"0\\" type=\\"text\\" aria-autocomplete=\\"list\\" aria-label=\\"Reason-For-Taking-Dropdown\\" style=\\"box-sizing: content-box; width: 2px; border: 0px; font-size: inherit; opacity: 1; outline: 0; padding: 0px;\\" value=\\"\\"><div style=\\"position: absolute; top: 0px; left: 0px; visibility: hidden; height: 0px; overflow: scroll; white-space: pre; font-size: inherit; font-family: -webkit-small-control; letter-spacing: normal; text-transform: none;\\"></div></div></div></div><div class=\\"dropdown__indicators css-1hb7zxy-IndicatorsContainer\\"><span class=\\"dropdown__indicator-separator css-1okebmr-indicatorSeparator\\"></span><div class=\\"dropdown__indicator dropdown__dropdown-indicator css-tlfecz-indicatorContainer\\" aria-hidden=\\"true\\"><svg height=\\"20\\" width=\\"20\\" viewBox=\\"0 0 20 20\\" aria-hidden=\\"true\\" focusable=\\"false\\" class=\\"css-tj5bde-Svg\\"><path d=\\"M4.516 7.548c0.436-0.446 1.043-0.481 1.576 0l3.908 3.747 3.908-3.747c0.533-0.481 1.141-0.446 1.574 0 0.436 0.445 0.408 1.197 0 1.615-0.406 0.418-4.695 4.502-4.695 4.502-0.217 0.223-0.502 0.335-0.787 0.335s-0.57-0.112-0.789-0.335c0 0-4.287-4.084-4.695-4.502s-0.436-1.17 0-1.615z\\"></path></svg></div></div></div></div></div></td></tr></tbody></table></div><div class=\\"content\\"><div rowindex=\\"0\\" class=\\"ui fluid transparent labeled input content-input content-dropdown\\"><div class=\\"ui basic label label medications-content-input-label\\">Start Year:</div><input placeholder=\\"e.g. 2020\\" aria-label=\\"Start-Year-Input\\" type=\\"Start Year\\" value=\\"\\"></div><div><div class=\\"ui basic label ui input content-input medications-content-input-label\\">Currently Taking: </div><button condition=\\"0\\" title=\\"Yes\\" aria-label=\\"Currently-Taking-Yes-Button\\" class=\\"ui basic button\\">Yes</button><button condition=\\"0\\" title=\\"No\\" aria-label=\\"Currently-Taking-No-Button\\" class=\\"ui basic button\\">No</button></div><div class=\\"ui fluid input content-input content-dropdown\\"><div class=\\"ui basic label medications-content-input-label\\">Side Effects: </div><div class=\\"side-effects css-2b097c-container\\"><div class=\\"dropdown__control css-yk16xz-control\\"><div class=\\"dropdown__value-container dropdown__value-container--is-multi css-g1d714-ValueContainer\\"><div class=\\"dropdown__placeholder css-1wa3eu0-placeholder\\">Click here to select side effect(s)</div><div class=\\"css-b8ldur-Input\\"><div class=\\"dropdown__input\\" style=\\"display: inline-block;\\"><input autocapitalize=\\"none\\" autocomplete=\\"off\\" autocorrect=\\"off\\" id=\\"react-select-16-input\\" spellcheck=\\"false\\" tabindex=\\"0\\" type=\\"text\\" aria-autocomplete=\\"list\\" aria-label=\\"Side-Effects-Dropdown\\" style=\\"box-sizing: content-box; width: 2px; border: 0px; font-size: inherit; opacity: 1; outline: 0; padding: 0px;\\" value=\\"\\"><div style=\\"position: absolute; top: 0px; left: 0px; visibility: hidden; height: 0px; overflow: scroll; white-space: pre; font-size: inherit; font-family: -webkit-small-control; letter-spacing: normal; text-transform: none;\\"></div></div></div></div><div class=\\"dropdown__indicators css-1hb7zxy-IndicatorsContainer\\"><span class=\\"dropdown__indicator-separator css-1okebmr-indicatorSeparator\\"></span><div class=\\"dropdown__indicator dropdown__dropdown-indicator css-tlfecz-indicatorContainer\\" aria-hidden=\\"true\\"><svg height=\\"20\\" width=\\"20\\" viewBox=\\"0 0 20 20\\" aria-hidden=\\"true\\" focusable=\\"false\\" class=\\"css-tj5bde-Svg\\"><path d=\\"M4.516 7.548c0.436-0.446 1.043-0.481 1.576 0l3.908 3.747 3.908-3.747c0.533-0.481 1.141-0.446 1.574 0 0.436 0.445 0.408 1.197 0 1.615-0.406 0.418-4.695 4.502-4.695 4.502-0.217 0.223-0.502 0.335-0.787 0.335s-0.57-0.112-0.789-0.335c0 0-4.287-4.084-4.695-4.502s-0.436-1.17 0-1.615z\\"></path></svg></div></div></div></div></div><div rowindex=\\"0\\" class=\\"ui fluid transparent labeled input content-input\\"><div class=\\"ui basic label label medications-content-input-label\\">Comments: </div><input placeholder=\\"e.g. take with food\\" aria-label=\\"Comments-Input\\" type=\\"Comments\\" value=\\"\\"></div></div><div class=\\"title\\"><i aria-hidden=\\"true\\" class=\\"dropdown top left corner icon medications-desktop-accordion-dropdown-icon\\"></i><table class=\\"ui table medications-desktop-accordion-title\\"><tbody class=\\"\\"><tr class=\\"\\"><td class=\\"three wide\\"><div class=\\"ui input content-input content-dropdown medication\\"><div class=\\"side-effects css-2b097c-container\\"><div class=\\"dropdown__control css-yk16xz-control\\"><div class=\\"dropdown__value-container dropdown__value-container--has-value css-g1d714-ValueContainer\\"><div class=\\"dropdown__single-value css-1uccc91-singleValue\\"></div><div class=\\"css-b8ldur-Input\\"><div class=\\"dropdown__input\\" style=\\"display: inline-block;\\"><input autocapitalize=\\"none\\" autocomplete=\\"off\\" autocorrect=\\"off\\" id=\\"react-select-17-input\\" spellcheck=\\"false\\" tabindex=\\"0\\" type=\\"text\\" aria-autocomplete=\\"list\\" aria-label=\\"Drug-Name-Dropdown\\" style=\\"box-sizing: content-box; width: 2px; border: 0px; font-size: inherit; opacity: 1; outline: 0; padding: 0px;\\" value=\\"\\"><div style=\\"position: absolute; top: 0px; left: 0px; visibility: hidden; height: 0px; overflow: scroll; white-space: pre; font-size: inherit; font-family: -webkit-small-control; letter-spacing: normal; text-transform: none;\\"></div></div></div></div><div class=\\"dropdown__indicators css-1hb7zxy-IndicatorsContainer\\"><div class=\\"dropdown__indicator dropdown__clear-indicator css-tlfecz-indicatorContainer\\" aria-hidden=\\"true\\"><svg height=\\"20\\" width=\\"20\\" viewBox=\\"0 0 20 20\\" aria-hidden=\\"true\\" focusable=\\"false\\" class=\\"css-tj5bde-Svg\\"><path d=\\"M14.348 14.849c-0.469 0.469-1.229 0.469-1.697 0l-2.651-3.030-2.651 3.029c-0.469 0.469-1.229 0.469-1.697 0-0.469-0.469-0.469-1.229 0-1.697l2.758-3.15-2.759-3.152c-0.469-0.469-0.469-1.228 0-1.697s1.228-0.469 1.697 0l2.652 3.031 2.651-3.031c0.469-0.469 1.228-0.469 1.697 0s0.469 1.229 0 1.697l-2.758 3.152 2.758 3.15c0.469 0.469 0.469 1.229 0 1.698z\\"></path></svg></div><span class=\\"dropdown__indicator-separator css-1okebmr-indicatorSeparator\\"></span><div class=\\"dropdown__indicator dropdown__dropdown-indicator css-tlfecz-indicatorContainer\\" aria-hidden=\\"true\\"><svg height=\\"20\\" width=\\"20\\" viewBox=\\"0 0 20 20\\" aria-hidden=\\"true\\" focusable=\\"false\\" class=\\"css-tj5bde-Svg\\"><path d=\\"M4.516 7.548c0.436-0.446 1.043-0.481 1.576 0l3.908 3.747 3.908-3.747c0.533-0.481 1.141-0.446 1.574 0 0.436 0.445 0.408 1.197 0 1.615-0.406 0.418-4.695 4.502-4.695 4.502-0.217 0.223-0.502 0.335-0.787 0.335s-0.57-0.112-0.789-0.335c0 0-4.287-4.084-4.695-4.502s-0.436-1.17 0-1.615z\\"></path></svg></div></div></div></div></div></td><td class=\\"three wide\\"><div rowindex=\\"1\\" class=\\"ui fluid transparent input content-input\\"><input placeholder=\\"e.g. 81 mg tablet\\" aria-label=\\"Dose-Input\\" type=\\"Dose\\" value=\\"\\"></div></td><td class=\\"three wide\\"><div rowindex=\\"1\\" class=\\"ui fluid transparent input content-input\\"><input placeholder=\\"e.g. once a day\\" aria-label=\\"Schedule-Input\\" type=\\"Schedule\\" value=\\"\\"></div></td><td class=\\"one wide\\"><i>for</i></td><td class=\\"three wide\\"><div class=\\"ui transparent input content-input content-dropdown medication reason\\"><div class=\\"side-effects medication css-2b097c-container\\"><div class=\\"dropdown__control css-yk16xz-control\\"><div class=\\"dropdown__value-container dropdown__value-container--has-value css-g1d714-ValueContainer\\"><div class=\\"dropdown__single-value css-1uccc91-singleValue\\"></div><div class=\\"css-b8ldur-Input\\"><div class=\\"dropdown__input\\" style=\\"display: inline-block;\\"><input autocapitalize=\\"none\\" autocomplete=\\"off\\" autocorrect=\\"off\\" id=\\"react-select-18-input\\" spellcheck=\\"false\\" tabindex=\\"0\\" type=\\"text\\" aria-autocomplete=\\"list\\" aria-label=\\"Reason-For-Taking-Dropdown\\" style=\\"box-sizing: content-box; width: 2px; border: 0px; font-size: inherit; opacity: 1; outline: 0; padding: 0px;\\" value=\\"\\"><div style=\\"position: absolute; top: 0px; left: 0px; visibility: hidden; height: 0px; overflow: scroll; white-space: pre; font-size: inherit; font-family: -webkit-small-control; letter-spacing: normal; text-transform: none;\\"></div></div></div></div><div class=\\"dropdown__indicators css-1hb7zxy-IndicatorsContainer\\"><span class=\\"dropdown__indicator-separator css-1okebmr-indicatorSeparator\\"></span><div class=\\"dropdown__indicator dropdown__dropdown-indicator css-tlfecz-indicatorContainer\\" aria-hidden=\\"true\\"><svg height=\\"20\\" width=\\"20\\" viewBox=\\"0 0 20 20\\" aria-hidden=\\"true\\" focusable=\\"false\\" class=\\"css-tj5bde-Svg\\"><path d=\\"M4.516 7.548c0.436-0.446 1.043-0.481 1.576 0l3.908 3.747 3.908-3.747c0.533-0.481 1.141-0.446 1.574 0 0.436 0.445 0.408 1.197 0 1.615-0.406 0.418-4.695 4.502-4.695 4.502-0.217 0.223-0.502 0.335-0.787 0.335s-0.57-0.112-0.789-0.335c0 0-4.287-4.084-4.695-4.502s-0.436-1.17 0-1.615z\\"></path></svg></div></div></div></div></div></td></tr></tbody></table></div><div class=\\"content\\"><div rowindex=\\"1\\" class=\\"ui fluid transparent labeled input content-input content-dropdown\\"><div class=\\"ui basic label label medications-content-input-label\\">Start Year:</div><input placeholder=\\"e.g. 2020\\" aria-label=\\"Start-Year-Input\\" type=\\"Start Year\\" value=\\"\\"></div><div><div class=\\"ui basic label ui input content-input medications-content-input-label\\">Currently Taking: </div><button condition=\\"1\\" title=\\"Yes\\" aria-label=\\"Currently-Taking-Yes-Button\\" class=\\"ui basic button\\">Yes</button><button condition=\\"1\\" title=\\"No\\" aria-label=\\"Currently-Taking-No-Button\\" class=\\"ui violet active button\\">No</button></div><div><div rowindex=\\"1\\" class=\\"ui fluid transparent labeled input content-input content-dropdown\\"><div class=\\"ui basic label label medications-content-input-label\\">End Year:</div><input placeholder=\\"e.g. 2020\\" aria-label=\\"End-Year-Input\\" type=\\"End Year\\" value=\\"\\"></div></div><div class=\\"ui fluid input content-input content-dropdown\\"><div class=\\"ui basic label medications-content-input-label\\">Side Effects: </div><div class=\\"side-effects css-2b097c-container\\"><div class=\\"dropdown__control css-yk16xz-control\\"><div class=\\"dropdown__value-container dropdown__value-container--is-multi css-g1d714-ValueContainer\\"><div class=\\"dropdown__placeholder css-1wa3eu0-placeholder\\">Click here to select side effect(s)</div><div class=\\"css-b8ldur-Input\\"><div class=\\"dropdown__input\\" style=\\"display: inline-block;\\"><input autocapitalize=\\"none\\" autocomplete=\\"off\\" autocorrect=\\"off\\" id=\\"react-select-19-input\\" spellcheck=\\"false\\" tabindex=\\"0\\" type=\\"text\\" aria-autocomplete=\\"list\\" aria-label=\\"Side-Effects-Dropdown\\" style=\\"box-sizing: content-box; width: 2px; border: 0px; font-size: inherit; opacity: 1; outline: 0; padding: 0px;\\" value=\\"\\"><div style=\\"position: absolute; top: 0px; left: 0px; visibility: hidden; height: 0px; overflow: scroll; white-space: pre; font-size: inherit; font-family: -webkit-small-control; letter-spacing: normal; text-transform: none;\\"></div></div></div></div><div class=\\"dropdown__indicators css-1hb7zxy-IndicatorsContainer\\"><span class=\\"dropdown__indicator-separator css-1okebmr-indicatorSeparator\\"></span><div class=\\"dropdown__indicator dropdown__dropdown-indicator css-tlfecz-indicatorContainer\\" aria-hidden=\\"true\\"><svg height=\\"20\\" width=\\"20\\" viewBox=\\"0 0 20 20\\" aria-hidden=\\"true\\" focusable=\\"false\\" class=\\"css-tj5bde-Svg\\"><path d=\\"M4.516 7.548c0.436-0.446 1.043-0.481 1.576 0l3.908 3.747 3.908-3.747c0.533-0.481 1.141-0.446 1.574 0 0.436 0.445 0.408 1.197 0 1.615-0.406 0.418-4.695 4.502-4.695 4.502-0.217 0.223-0.502 0.335-0.787 0.335s-0.57-0.112-0.789-0.335c0 0-4.287-4.084-4.695-4.502s-0.436-1.17 0-1.615z\\"></path></svg></div></div></div></div></div><div rowindex=\\"1\\" class=\\"ui fluid transparent labeled input content-input\\"><div class=\\"ui basic label label medications-content-input-label\\">Comments: </div><input placeholder=\\"e.g. take with food\\" aria-label=\\"Comments-Input\\" type=\\"Comments\\" value=\\"\\"></div></div></div><div class=\\"add-row\\"><button aria-label=\\"Add-Medication-Row-Button\\" class=\\"ui basic circular icon button\\"><i aria-hidden=\\"true\\" class=\\"plus icon\\"></i></button>add medication</div>"`;

exports[`Medications Integration Mobile view matches snapshot 1`] = `"<div class=\\"accordion ui fluid styled\\"><div class=\\"title\\"><i aria-hidden=\\"true\\" class=\\"dropdown top left corner icon medications-desktop-accordion-dropdown-icon\\"></i><form class=\\"ui form inline-form\\"><div class=\\"ui input content-input content-dropdown medication\\"><div class=\\"side-effects css-2b097c-container\\"><div class=\\"dropdown__control css-yk16xz-control\\"><div class=\\"dropdown__value-container dropdown__value-container--has-value css-g1d714-ValueContainer\\"><div class=\\"dropdown__single-value css-1uccc91-singleValue\\"></div><div class=\\"css-b8ldur-Input\\"><div class=\\"dropdown__input\\" style=\\"display: inline-block;\\"><input autocapitalize=\\"none\\" autocomplete=\\"off\\" autocorrect=\\"off\\" id=\\"react-select-20-input\\" spellcheck=\\"false\\" tabindex=\\"0\\" type=\\"text\\" aria-autocomplete=\\"list\\" aria-label=\\"Drug-Name-Dropdown\\" style=\\"box-sizing: content-box; width: 2px; border: 0px; font-size: inherit; opacity: 1; outline: 0; padding: 0px;\\" value=\\"\\"><div style=\\"position: absolute; top: 0px; left: 0px; visibility: hidden; height: 0px; overflow: scroll; white-space: pre; font-size: inherit; font-family: -webkit-small-control; letter-spacing: normal; text-transform: none;\\"></div></div></div></div><div class=\\"dropdown__indicators css-1hb7zxy-IndicatorsContainer\\"><div class=\\"dropdown__indicator dropdown__clear-indicator css-tlfecz-indicatorContainer\\" aria-hidden=\\"true\\"><svg height=\\"20\\" width=\\"20\\" viewBox=\\"0 0 20 20\\" aria-hidden=\\"true\\" focusable=\\"false\\" class=\\"css-tj5bde-Svg\\"><path d=\\"M14.348 14.849c-0.469 0.469-1.229 0.469-1.697 0l-2.651-3.030-2.651 3.029c-0.469 0.469-1.229 0.469-1.697 0-0.469-0.469-0.469-1.229 0-1.697l2.758-3.15-2.759-3.152c-0.469-0.469-0.469-1.228 0-1.697s1.228-0.469 1.697 0l2.652 3.031 2.651-3.031c0.469-0.469 1.228-0.469 1.697 0s0.469 1.229 0 1.697l-2.758 3.152 2.758 3.15c0.469 0.469 0.469 1.229 0 1.698z\\"></path></svg></div><span class=\\"dropdown__indicator-separator css-1okebmr-indicatorSeparator\\"></span><div class=\\"dropdown__indicator dropdown__dropdown-indicator css-tlfecz-indicatorContainer\\" aria-hidden=\\"true\\"><svg height=\\"20\\" width=\\"20\\" viewBox=\\"0 0 20 20\\" aria-hidden=\\"true\\" focusable=\\"false\\" class=\\"css-tj5bde-Svg\\"><path d=\\"M4.516 7.548c0.436-0.446 1.043-0.481 1.576 0l3.908 3.747 3.908-3.747c0.533-0.481 1.141-0.446 1.574 0 0.436 0.445 0.408 1.197 0 1.615-0.406 0.418-4.695 4.502-4.695 4.502-0.217 0.223-0.502 0.335-0.787 0.335s-0.57-0.112-0.789-0.335c0 0-4.287-4.084-4.695-4.502s-0.436-1.17 0-1.615z\\"></path></svg></div></div></div></div></div><span class=\\"reason-wrapper\\">for<div class=\\"ui transparent input content-input content-dropdown medication reason\\"><div class=\\"side-effects medication css-2b097c-container\\"><div class=\\"dropdown__control css-yk16xz-control\\"><div class=\\"dropdown__value-container dropdown__value-container--has-value css-g1d714-ValueContainer\\"><div class=\\"dropdown__single-value css-1uccc91-singleValue\\"></div><div class=\\"css-b8ldur-Input\\"><div class=\\"dropdown__input\\" style=\\"display: inline-block;\\"><input autocapitalize=\\"none\\" autocomplete=\\"off\\" autocorrect=\\"off\\" id=\\"react-select-21-input\\" spellcheck=\\"false\\" tabindex=\\"0\\" type=\\"text\\" aria-autocomplete=\\"list\\" aria-label=\\"Reason-For-Taking-Dropdown\\" style=\\"box-sizing: content-box; width: 2px; border: 0px; font-size: inherit; opacity: 1; outline: 0; padding: 0px;\\" value=\\"\\"><div style=\\"position: absolute; top: 0px; left: 0px; visibility: hidden; height: 0px; overflow: scroll; white-space: pre; font-size: inherit; font-family: -webkit-small-control; letter-spacing: normal; text-transform: none;\\"></div></div></div></div><div class=\\"dropdown__indicators css-1hb7zxy-IndicatorsContainer\\"><span class=\\"dropdown__indicator-separator css-1okebmr-indicatorSeparator\\"></span><div class=\\"dropdown__indicator dropdown__dropdown-indicator css-tlfecz-indicatorContainer\\" aria-hidden=\\"true\\"><svg height=\\"20\\" width=\\"20\\" viewBox=\\"0 0 20 20\\" aria-hidden=\\"true\\" focusable=\\"false\\" class=\\"css-tj5bde-Svg\\"><path d=\\"M4.516 7.548c0.436-0.446 1.043-0.481 1.576 0l3.908 3.747 3.908-3.747c0.533-0.481 1.141-0.446 1.574 0 0.436 0.445 0.408 1.197 0 1.615-0.406 0.418-4.695 4.502-4.695 4.502-0.217 0.223-0.502 0.335-0.787 0.335s-0.57-0.112-0.789-0.335c0 0-4.287-4.084-4.695-4.502s-0.436-1.17 0-1.615z\\"></path></svg></div></div></div></div></div></span></form></div><div class=\\"content\\"><div rowindex=\\"0\\" class=\\"ui fluid transparent labeled input content-input content-dropdown\\"><div class=\\"ui basic label label medications-content-input-label\\">Start Year:</div><input placeholder=\\"e.g. 2020\\" aria-label=\\"Start-Year-Input\\" type=\\"Start Year\\" value=\\"\\"></div><div><div class=\\"ui basic label ui input content-input medications-content-input-label\\">Currently Taking: </div><button condition=\\"0\\" title=\\"Yes\\" aria-label=\\"Currently-Taking-Yes-Button\\" class=\\"ui basic button\\">Yes</button><button condition=\\"0\\" title=\\"No\\" aria-label=\\"Currently-Taking-No-Button\\" class=\\"ui basic button\\">No</button></div><div rowindex=\\"0\\" class=\\"ui fluid transparent labeled input content-input\\"><div class=\\"ui basic label label medications-content-input-label\\">Schedule: </div><input placeholder=\\"e.g. once a day\\" aria-label=\\"Schedule-Input\\" type=\\"Schedule\\" value=\\"\\"></div><div rowindex=\\"0\\" class=\\"ui fluid transparent labeled input content-input\\"><div class=\\"ui basic label label medications-content-input-label\\">Dose: </div><input placeholder=\\"e.g. 81 mg tablet\\" aria-label=\\"Dose-Input\\" type=\\"Dose\\" value=\\"\\"></div><div class=\\"ui fluid input content-input content-dropdown\\"><div class=\\"ui basic label medications-content-input-label\\">Side Effects: </div><div class=\\"side-effects css-2b097c-container\\"><div class=\\"dropdown__control css-yk16xz-control\\"><div class=\\"dropdown__value-container dropdown__value-container--is-multi css-g1d714-ValueContainer\\"><div class=\\"dropdown__placeholder css-1wa3eu0-placeholder\\">Click here to select side effect(s)</div><div class=\\"css-b8ldur-Input\\"><div class=\\"dropdown__input\\" style=\\"display: inline-block;\\"><input autocapitalize=\\"none\\" autocomplete=\\"off\\" autocorrect=\\"off\\" id=\\"react-select-22-input\\" spellcheck=\\"false\\" tabindex=\\"0\\" type=\\"text\\" aria-autocomplete=\\"list\\" aria-label=\\"Side-Effects-Dropdown\\" style=\\"box-sizing: content-box; width: 2px; border: 0px; font-size: inherit; opacity: 1; outline: 0; padding: 0px;\\" value=\\"\\"><div style=\\"position: absolute; top: 0px; left: 0px; visibility: hidden; height: 0px; overflow: scroll; white-space: pre; font-size: inherit; font-family: -webkit-small-control; letter-spacing: normal; text-transform: none;\\"></div></div></div></div><div class=\\"dropdown__indicators css-1hb7zxy-IndicatorsContainer\\"><span class=\\"dropdown__indicator-separator css-1okebmr-indicatorSeparator\\"></span><div class=\\"dropdown__indicator dropdown__dropdown-indicator css-tlfecz-indicatorContainer\\" aria-hidden=\\"true\\"><svg height=\\"20\\" width=\\"20\\" viewBox=\\"0 0 20 20\\" aria-hidden=\\"true\\" focusable=\\"false\\" class=\\"css-tj5bde-Svg\\"><path d=\\"M4.516 7.548c0.436-0.446 1.043-0.481 1.576 0l3.908 3.747 3.908-3.747c0.533-0.481 1.141-0.446 1.574 0 0.436 0.445 0.408 1.197 0 1.615-0.406 0.418-4.695 4.502-4.695 4.502-0.217 0.223-0.502 0.335-0.787 0.335s-0.57-0.112-0.789-0.335c0 0-4.287-4.084-4.695-4.502s-0.436-1.17 0-1.615z\\"></path></svg></div></div></div></div></div><div rowindex=\\"0\\" class=\\"ui fluid transparent labeled input content-input\\"><div class=\\"ui basic label label medications-content-input-label\\">Comments: </div><input placeholder=\\"e.g. take with food\\" aria-label=\\"Comments-Input\\" type=\\"Comments\\" value=\\"\\"></div></div><div class=\\"title\\"><i aria-hidden=\\"true\\" class=\\"dropdown top left corner icon medications-desktop-accordion-dropdown-icon\\"></i><form class=\\"ui form inline-form\\"><div class=\\"ui input content-input content-dropdown medication\\"><div class=\\"side-effects css-2b097c-container\\"><div class=\\"dropdown__control css-yk16xz-control\\"><div class=\\"dropdown__value-container dropdown__value-container--has-value css-g1d714-ValueContainer\\"><div class=\\"dropdown__single-value css-1uccc91-singleValue\\"></div><div class=\\"css-b8ldur-Input\\"><div class=\\"dropdown__input\\" style=\\"display: inline-block;\\"><input autocapitalize=\\"none\\" autocomplete=\\"off\\" autocorrect=\\"off\\" id=\\"react-select-23-input\\" spellcheck=\\"false\\" tabindex=\\"0\\" type=\\"text\\" aria-autocomplete=\\"list\\" aria-label=\\"Drug-Name-Dropdown\\" style=\\"box-sizing: content-box; width: 2px; border: 0px; font-size: inherit; opacity: 1; outline: 0; padding: 0px;\\" value=\\"\\"><div style=\\"position: absolute; top: 0px; left: 0px; visibility: hidden; height: 0px; overflow: scroll; white-space: pre; font-size: inherit; font-family: -webkit-small-control; letter-spacing: normal; text-transform: none;\\"></div></div></div></div><div class=\\"dropdown__indicators css-1hb7zxy-IndicatorsContainer\\"><div class=\\"dropdown__indicator dropdown__clear-indicator css-tlfecz-indicatorContainer\\" aria-hidden=\\"true\\"><svg height=\\"20\\" width=\\"20\\" viewBox=\\"0 0 20 20\\" aria-hidden=\\"true\\" focusable=\\"false\\" class=\\"css-tj5bde-Svg\\"><path d=\\"M14.348 14.849c-0.469 0.469-1.229 0.469-1.697 0l-2.651-3.030-2.651 3.029c-0.469 0.469-1.229 0.469-1.697 0-0.469-0.469-0.469-1.229 0-1.697l2.758-3.15-2.759-3.152c-0.469-0.469-0.469-1.228 0-1.697s1.228-0.469 1.697 0l2.652 3.031 2.651-3.031c0.469-0.469 1.228-0.469 1.697 0s0.469 1.229 0 1.697l-2.758 3.152 2.758 3.15c0.469 0.469 0.469 1.229 0 1.698z\\"></path></svg></div><span class=\\"dropdown__indicator-separator css-1okebmr-indicatorSeparator\\"></span><div class=\\"dropdown__indicator dropdown__dropdown-indicator css-tlfecz-indicatorContainer\\" aria-hidden=\\"true\\"><svg height=\\"20\\" width=\\"20\\" viewBox=\\"0 0 20 20\\" aria-hidden=\\"true\\" focusable=\\"false\\" class=\\"css-tj5bde-Svg\\"><path d=\\"M4.516 7.548c0.436-0.446 1.043-0.481 1.576 0l3.908 3.747 3.908-3.747c0.533-0.481 1.141-0.446 1.574 0 0.436 0.445 0.408 1.197 0 1.615-0.406 0.418-4.695 4.502-4.695 4.502-0.217 0.223-0.502 0.335-0.787 0.335s-0.57-0.112-0.789-0.335c0 0-4.287-4.084-4.695-4.502s-0.436-1.17 0-1.615z\\"></path></svg></div></div></div></div></div><span class=\\"reason-wrapper\\">for<div class=\\"ui transparent input content-input content-dropdown medication reason\\"><div class=\\"side-effects medication css-2b097c-container\\"><div class=\\"dropdown__control css-yk16xz-control\\"><div class=\\"dropdown__value-container dropdown__value-container--has-value css-g1d714-ValueContainer\\"><div class=\\"dropdown__single-value css-1uccc91-singleValue\\"></div><div class=\\"css-b8ldur-Input\\"><div class=\\"dropdown__input\\" style=\\"display: inline-block;\\"><input autocapitalize=\\"none\\" autocomplete=\\"off\\" autocorrect=\\"off\\" id=\\"react-select-24-input\\" spellcheck=\\"false\\" tabindex=\\"0\\" type=\\"text\\" aria-autocomplete=\\"list\\" aria-label=\\"Reason-For-Taking-Dropdown\\" style=\\"box-sizing: content-box; width: 2px; border: 0px; font-size: inherit; opacity: 1; outline: 0; padding: 0px;\\" value=\\"\\"><div style=\\"position: absolute; top: 0px; left: 0px; visibility: hidden; height: 0px; overflow: scroll; white-space: pre; font-size: inherit; font-family: -webkit-small-control; letter-spacing: normal; text-transform: none;\\"></div></div></div></div><div class=\\"dropdown__indicators css-1hb7zxy-IndicatorsContainer\\"><span class=\\"dropdown__indicator-separator css-1okebmr-indicatorSeparator\\"></span><div class=\\"dropdown__indicator dropdown__dropdown-indicator css-tlfecz-indicatorContainer\\" aria-hidden=\\"true\\"><svg height=\\"20\\" width=\\"20\\" viewBox=\\"0 0 20 20\\" aria-hidden=\\"true\\" focusable=\\"false\\" class=\\"css-tj5bde-Svg\\"><path d=\\"M4.516 7.548c0.436-0.446 1.043-0.481 1.576 0l3.908 3.747 3.908-3.747c0.533-0.481 1.141-0.446 1.574 0 0.436 0.445 0.408 1.197 0 1.615-0.406 0.418-4.695 4.502-4.695 4.502-0.217 0.223-0.502 0.335-0.787 0.335s-0.57-0.112-0.789-0.335c0 0-4.287-4.084-4.695-4.502s-0.436-1.17 0-1.615z\\"></path></svg></div></div></div></div></div></span></form></div><div class=\\"content\\"><div rowindex=\\"1\\" class=\\"ui fluid transparent labeled input content-input content-dropdown\\"><div class=\\"ui basic label label medications-content-input-label\\">Start Year:</div><input placeholder=\\"e.g. 2020\\" aria-label=\\"Start-Year-Input\\" type=\\"Start Year\\" value=\\"\\"></div><div><div class=\\"ui basic label ui input content-input medications-content-input-label\\">Currently Taking: </div><button condition=\\"1\\" title=\\"Yes\\" aria-label=\\"Currently-Taking-Yes-Button\\" class=\\"ui basic button\\">Yes</button><button condition=\\"1\\" title=\\"No\\" aria-label=\\"Currently-Taking-No-Button\\" class=\\"ui violet active button\\">No</button></div><div><div rowindex=\\"1\\" class=\\"ui fluid transparent labeled input content-input content-dropdown\\"><div class=\\"ui basic label label medications-content-input-label\\">End Year:</div><input placeholder=\\"e.g. 2020\\" aria-label=\\"End-Year-Input\\" type=\\"End Year\\" value=\\"\\"></div></div><div rowindex=\\"1\\" class=\\"ui fluid transparent labeled input content-input\\"><div class=\\"ui basic label label medications-content-input-label\\">Schedule: </div><input placeholder=\\"e.g. once a day\\" aria-label=\\"Schedule-Input\\" type=\\"Schedule\\" value=\\"\\"></div><div rowindex=\\"1\\" class=\\"ui fluid transparent labeled input content-input\\"><div class=\\"ui basic label label medications-content-input-label\\">Dose: </div><input placeholder=\\"e.g. 81 mg tablet\\" aria-label=\\"Dose-Input\\" type=\\"Dose\\" value=\\"\\"></div><div class=\\"ui fluid input content-input content-dropdown\\"><div class=\\"ui basic label medications-content-input-label\\">Side Effects: </div><div class=\\"side-effects css-2b097c-container\\"><div class=\\"dropdown__control css-yk16xz-control\\"><div class=\\"dropdown__value-container dropdown__value-container--is-multi css-g1d714-ValueContainer\\"><div class=\\"dropdown__placeholder css-1wa3eu0-placeholder\\">Click here to select side effect(s)</div><div class=\\"css-b8ldur-Input\\"><div class=\\"dropdown__input\\" style=\\"display: inline-block;\\"><input autocapitalize=\\"none\\" autocomplete=\\"off\\" autocorrect=\\"off\\" id=\\"react-select-25-input\\" spellcheck=\\"false\\" tabindex=\\"0\\" type=\\"text\\" aria-autocomplete=\\"list\\" aria-label=\\"Side-Effects-Dropdown\\" style=\\"box-sizing: content-box; width: 2px; border: 0px; font-size: inherit; opacity: 1; outline: 0; padding: 0px;\\" value=\\"\\"><div style=\\"position: absolute; top: 0px; left: 0px; visibility: hidden; height: 0px; overflow: scroll; white-space: pre; font-size: inherit; font-family: -webkit-small-control; letter-spacing: normal; text-transform: none;\\"></div></div></div></div><div class=\\"dropdown__indicators css-1hb7zxy-IndicatorsContainer\\"><span class=\\"dropdown__indicator-separator css-1okebmr-indicatorSeparator\\"></span><div class=\\"dropdown__indicator dropdown__dropdown-indicator css-tlfecz-indicatorContainer\\" aria-hidden=\\"true\\"><svg height=\\"20\\" width=\\"20\\" viewBox=\\"0 0 20 20\\" aria-hidden=\\"true\\" focusable=\\"false\\" class=\\"css-tj5bde-Svg\\"><path d=\\"M4.516 7.548c0.436-0.446 1.043-0.481 1.576 0l3.908 3.747 3.908-3.747c0.533-0.481 1.141-0.446 1.574 0 0.436 0.445 0.408 1.197 0 1.615-0.406 0.418-4.695 4.502-4.695 4.502-0.217 0.223-0.502 0.335-0.787 0.335s-0.57-0.112-0.789-0.335c0 0-4.287-4.084-4.695-4.502s-0.436-1.17 0-1.615z\\"></path></svg></div></div></div></div></div><div rowindex=\\"1\\" class=\\"ui fluid transparent labeled input content-input\\"><div class=\\"ui basic label label medications-content-input-label\\">Comments: </div><input placeholder=\\"e.g. take with food\\" aria-label=\\"Comments-Input\\" type=\\"Comments\\" value=\\"\\"></div></div></div><div class=\\"add-row\\"><button aria-label=\\"Add-Medication-Row-Button\\" class=\\"ui basic circular icon button\\"><i aria-hidden=\\"true\\" class=\\"plus icon\\"></i></button>add medication</div>"`;
