// Jest Snapshot v1, https://goo.gl/fbAQLP

exports[`ReviewOfSystemsCategory matches snapshot 1`] = `"<div class=\\"reviewOfSystems\\"><h3 class=\\"ui header header-titles\\">Eyes</h3><div class=\\"symptomsBlock\\"><div class=\\"symptomsBlock__btn flex align-center\\"><p></p><button class=\\"symptomsBlock__all button outline info pill sm false\\" data-hover=\\"false\\">ALL NO</button></div><div class=\\"reviewOfSystems__item flex-wrap align-center\\"><p>Glasses</p><aside><div class=\\"YesNoButton  flex\\"><button title=\\"Yes\\" condition=\\"\\" data-hover=\\"false\\" class=\\"button outline info pill sm \\">Yes</button><button title=\\"No\\" condition=\\"\\" data-hover=\\"false\\" class=\\"button outline info pill sm \\">No</button></div></aside></div><div class=\\"reviewOfSystems__item flex-wrap align-center\\"><p>Contacts</p><aside><div class=\\"YesNoButton  flex\\"><button title=\\"Yes\\" condition=\\"\\" data-hover=\\"false\\" class=\\"button outline info pill sm \\">Yes</button><button title=\\"No\\" condition=\\"\\" data-hover=\\"false\\" class=\\"button outline info pill sm \\">No</button></div></aside></div><div class=\\"reviewOfSystems__item flex-wrap align-center\\"><p>Blurriness</p><aside><div class=\\"YesNoButton  flex\\"><button title=\\"Yes\\" condition=\\"\\" data-hover=\\"false\\" class=\\"button outline info pill sm \\">Yes</button><button title=\\"No\\" condition=\\"\\" data-hover=\\"false\\" class=\\"button outline info pill sm \\">No</button></div></aside></div></div></div>"`;
