// Jest Snapshot v1, https://goo.gl/fbAQLP

exports[`ReviewOfSystemsContent matches snapshot 1`] = `"<h2 class=\\"ui center aligned header\\">Are you experiencing any of these symptoms?</h2><div class=\\"ros-container\\"><div style=\\"width: 33.333333333333336%;\\" class=\\"ros-column\\"><div class=\\"ui segment\\"><div class=\\"reviewOfSystems\\"><h3 class=\\"ui header header-titles reviewOfSystems__caption\\">Eyes</h3><div class=\\"symptomsBlock\\"><div class=\\"symptomsBlock__btn symptomsBlockBtn flex align-center justify-center\\"><button class=\\"symptomsBlock__all button outline info pill sm false\\" data-hover=\\"false\\">Select All No</button></div><div class=\\"reviewOfSystems__item reviewOfSystemsItem flex align-center justify-between\\"><div class=\\"YesNoButton  flex\\"><button title=\\"Yes\\" condition=\\"\\" data-hover=\\"false\\" class=\\"button outline info pill sm \\">Yes</button><button title=\\"No\\" condition=\\"\\" data-hover=\\"false\\" class=\\"button outline info pill sm \\">No</button></div><p>Glasses</p><div class=\\"YesNoButton  flex\\"><button title=\\"Yes\\" condition=\\"\\" data-hover=\\"false\\" class=\\"button outline info pill sm \\">Yes</button><button title=\\"No\\" condition=\\"\\" data-hover=\\"false\\" class=\\"button outline info pill sm \\">No</button></div></div><div class=\\"reviewOfSystems__item reviewOfSystemsItem flex align-center justify-between\\"><div class=\\"YesNoButton  flex\\"><button title=\\"Yes\\" condition=\\"\\" data-hover=\\"false\\" class=\\"button outline info pill sm \\">Yes</button><button title=\\"No\\" condition=\\"\\" data-hover=\\"false\\" class=\\"button outline info pill sm \\">No</button></div><p>Contacts</p><div class=\\"YesNoButton  flex\\"><button title=\\"Yes\\" condition=\\"\\" data-hover=\\"false\\" class=\\"button outline info pill sm \\">Yes</button><button title=\\"No\\" condition=\\"\\" data-hover=\\"false\\" class=\\"button outline info pill sm \\">No</button></div></div><div class=\\"reviewOfSystems__item reviewOfSystemsItem flex align-center justify-between\\"><div class=\\"YesNoButton  flex\\"><button title=\\"Yes\\" condition=\\"\\" data-hover=\\"false\\" class=\\"button outline info pill sm \\">Yes</button><button title=\\"No\\" condition=\\"\\" data-hover=\\"false\\" class=\\"button outline info pill sm \\">No</button></div><p>Blurriness</p><div class=\\"YesNoButton  flex\\"><button title=\\"Yes\\" condition=\\"\\" data-hover=\\"false\\" class=\\"button outline info pill sm \\">Yes</button><button title=\\"No\\" condition=\\"\\" data-hover=\\"false\\" class=\\"button outline info pill sm \\">No</button></div></div></div></div></div></div><div style=\\"width: 33.333333333333336%;\\" class=\\"ros-column\\"><div class=\\"ui segment\\"><div class=\\"reviewOfSystems\\"><h3 class=\\"ui header header-titles reviewOfSystems__caption\\">Throat</h3><div class=\\"symptomsBlock\\"><div class=\\"symptomsBlock__btn symptomsBlockBtn flex align-center justify-center\\"><button class=\\"symptomsBlock__all button outline info pill sm false\\" data-hover=\\"false\\">Select All No</button></div><div class=\\"reviewOfSystems__item reviewOfSystemsItem flex align-center justify-between\\"><div class=\\"YesNoButton  flex\\"><button title=\\"Yes\\" condition=\\"\\" data-hover=\\"false\\" class=\\"button outline info pill sm \\">Yes</button><button title=\\"No\\" condition=\\"\\" data-hover=\\"false\\" class=\\"button outline info pill sm \\">No</button></div><p>Lumps</p><div class=\\"YesNoButton  flex\\"><button title=\\"Yes\\" condition=\\"\\" data-hover=\\"false\\" class=\\"button outline info pill sm \\">Yes</button><button title=\\"No\\" condition=\\"\\" data-hover=\\"false\\" class=\\"button outline info pill sm \\">No</button></div></div><div class=\\"reviewOfSystems__item reviewOfSystemsItem flex align-center justify-between\\"><div class=\\"YesNoButton  flex\\"><button title=\\"Yes\\" condition=\\"\\" data-hover=\\"false\\" class=\\"button outline info pill sm \\">Yes</button><button title=\\"No\\" condition=\\"\\" data-hover=\\"false\\" class=\\"button outline info pill sm \\">No</button></div><p>Swelling</p><div class=\\"YesNoButton  flex\\"><button title=\\"Yes\\" condition=\\"\\" data-hover=\\"false\\" class=\\"button outline info pill sm \\">Yes</button><button title=\\"No\\" condition=\\"\\" data-hover=\\"false\\" class=\\"button outline info pill sm \\">No</button></div></div><div class=\\"reviewOfSystems__item reviewOfSystemsItem flex align-center justify-between\\"><div class=\\"YesNoButton  flex\\"><button title=\\"Yes\\" condition=\\"\\" data-hover=\\"false\\" class=\\"button outline info pill sm \\">Yes</button><button title=\\"No\\" condition=\\"\\" data-hover=\\"false\\" class=\\"button outline info pill sm \\">No</button></div><p>Pain</p><div class=\\"YesNoButton  flex\\"><button title=\\"Yes\\" condition=\\"\\" data-hover=\\"false\\" class=\\"button outline info pill sm \\">Yes</button><button title=\\"No\\" condition=\\"\\" data-hover=\\"false\\" class=\\"button outline info pill sm \\">No</button></div></div><div class=\\"reviewOfSystems__item reviewOfSystemsItem flex align-center justify-between\\"><div class=\\"YesNoButton  flex\\"><button title=\\"Yes\\" condition=\\"\\" data-hover=\\"false\\" class=\\"button outline info pill sm \\">Yes</button><button title=\\"No\\" condition=\\"\\" data-hover=\\"false\\" class=\\"button outline info pill sm \\">No</button></div><p>Stiffness</p><div class=\\"YesNoButton  flex\\"><button title=\\"Yes\\" condition=\\"\\" data-hover=\\"false\\" class=\\"button outline info pill sm \\">Yes</button><button title=\\"No\\" condition=\\"\\" data-hover=\\"false\\" class=\\"button outline info pill sm \\">No</button></div></div></div></div></div></div><div style=\\"width: 33.333333333333336%;\\" class=\\"ros-column\\"><div class=\\"ui segment\\"><div class=\\"reviewOfSystems\\"><h3 class=\\"ui header header-titles reviewOfSystems__caption\\">Nose</h3><div class=\\"symptomsBlock\\"><div class=\\"symptomsBlock__btn symptomsBlockBtn flex align-center justify-center\\"><button class=\\"symptomsBlock__all button outline info pill sm false\\" data-hover=\\"false\\">Select All No</button></div><div class=\\"reviewOfSystems__item reviewOfSystemsItem flex align-center justify-between\\"><div class=\\"YesNoButton  flex\\"><button title=\\"Yes\\" condition=\\"\\" data-hover=\\"false\\" class=\\"button outline info pill sm \\">Yes</button><button title=\\"No\\" condition=\\"\\" data-hover=\\"false\\" class=\\"button outline info pill sm \\">No</button></div><p>Colds</p><div class=\\"YesNoButton  flex\\"><button title=\\"Yes\\" condition=\\"\\" data-hover=\\"false\\" class=\\"button outline info pill sm \\">Yes</button><button title=\\"No\\" condition=\\"\\" data-hover=\\"false\\" class=\\"button outline info pill sm \\">No</button></div></div><div class=\\"reviewOfSystems__item reviewOfSystemsItem flex align-center justify-between\\"><div class=\\"YesNoButton  flex\\"><button title=\\"Yes\\" condition=\\"\\" data-hover=\\"false\\" class=\\"button outline info pill sm \\">Yes</button><button title=\\"No\\" condition=\\"\\" data-hover=\\"false\\" class=\\"button outline info pill sm \\">No</button></div><p>Stuffiness</p><div class=\\"YesNoButton  flex\\"><button title=\\"Yes\\" condition=\\"\\" data-hover=\\"false\\" class=\\"button outline info pill sm \\">Yes</button><button title=\\"No\\" condition=\\"\\" data-hover=\\"false\\" class=\\"button outline info pill sm \\">No</button></div></div><div class=\\"reviewOfSystems__item reviewOfSystemsItem flex align-center justify-between\\"><div class=\\"YesNoButton  flex\\"><button title=\\"Yes\\" condition=\\"\\" data-hover=\\"false\\" class=\\"button outline info pill sm \\">Yes</button><button title=\\"No\\" condition=\\"\\" data-hover=\\"false\\" class=\\"button outline info pill sm \\">No</button></div><p>Sneezing</p><div class=\\"YesNoButton  flex\\"><button title=\\"Yes\\" condition=\\"\\" data-hover=\\"false\\" class=\\"button outline info pill sm \\">Yes</button><button title=\\"No\\" condition=\\"\\" data-hover=\\"false\\" class=\\"button outline info pill sm \\">No</button></div></div><div class=\\"reviewOfSystems__item reviewOfSystemsItem flex align-center justify-between\\"><div class=\\"YesNoButton  flex\\"><button title=\\"Yes\\" condition=\\"\\" data-hover=\\"false\\" class=\\"button outline info pill sm \\">Yes</button><button title=\\"No\\" condition=\\"\\" data-hover=\\"false\\" class=\\"button outline info pill sm \\">No</button></div><p>Itching</p><div class=\\"YesNoButton  flex\\"><button title=\\"Yes\\" condition=\\"\\" data-hover=\\"false\\" class=\\"button outline info pill sm \\">Yes</button><button title=\\"No\\" condition=\\"\\" data-hover=\\"false\\" class=\\"button outline info pill sm \\">No</button></div></div><div class=\\"reviewOfSystems__item reviewOfSystemsItem flex align-center justify-between\\"><div class=\\"YesNoButton  flex\\"><button title=\\"Yes\\" condition=\\"\\" data-hover=\\"false\\" class=\\"button outline info pill sm \\">Yes</button><button title=\\"No\\" condition=\\"\\" data-hover=\\"false\\" class=\\"button outline info pill sm \\">No</button></div><p>Allergy</p><div class=\\"YesNoButton  flex\\"><button title=\\"Yes\\" condition=\\"\\" data-hover=\\"false\\" class=\\"button outline info pill sm \\">Yes</button><button title=\\"No\\" condition=\\"\\" data-hover=\\"false\\" class=\\"button outline info pill sm \\">No</button></div></div><div class=\\"reviewOfSystems__item reviewOfSystemsItem flex align-center justify-between\\"><div class=\\"YesNoButton  flex\\"><button title=\\"Yes\\" condition=\\"\\" data-hover=\\"false\\" class=\\"button outline info pill sm \\">Yes</button><button title=\\"No\\" condition=\\"\\" data-hover=\\"false\\" class=\\"button outline info pill sm \\">No</button></div><p>Nosebleed</p><div class=\\"YesNoButton  flex\\"><button title=\\"Yes\\" condition=\\"\\" data-hover=\\"false\\" class=\\"button outline info pill sm \\">Yes</button><button title=\\"No\\" condition=\\"\\" data-hover=\\"false\\" class=\\"button outline info pill sm \\">No</button></div></div></div></div></div></div></div><div class=\\"navigationButton\\"></div>"`;
