// Vitest Snapshot v1, https://vitest.dev/guide/snapshot.html

exports[`Generate Note > matches snapshot 1`] = `ShallowWrapper {}`;
