// Vitest Snapshot v1, https://vitest.dev/guide/snapshot.html

exports[`AbdomenExamButtons > matches snapshot 1`] = `ReactWrapper {}`;
