// Vitest Snapshot v1, https://vitest.dev/guide/snapshot.html

exports[`AbdomenExam > matches snapshot 1`] = `ShallowWrapper {}`;
