// Vitest Snapshot v1, https://vitest.dev/guide/snapshot.html

exports[`LungSoundsButtons > matches snapshot 1`] = `ReactWrapper {}`;
