// Vitest Snapshot v1, https://vitest.dev/guide/snapshot.html

exports[`PulsesWidget > matches snapshot 1`] = `
{
  "store": {
    "clearActions": [Function],
    "dispatch": [Function],
    "getActions": [Function],
    "getState": [Function],
    "replaceReducer": [Function],
    "subscribe": [Function],
  },
  "wrapper": ReactWrapper {},
}
`;
