// Jest Snapshot v1, https://goo.gl/fbAQLP

exports[`ReviewOfSystemsCategory matches snapshot 1`] = `"<div class=\\"ui header\\">General</div><div class=\\"ui grid\\"><div class=\\"row\\"><div class=\\"four wide column no-padding\\"><button value=\\"n\\" class=\\"ui compact right floated button\\">NO</button></div><div class=\\"middle aligned seven wide column ros-symptom no-padding\\">Weight changes</div><div class=\\"four wide column no-padding\\"><button value=\\"y\\" class=\\"ui compact left floated button\\">YES</button></div></div><div class=\\"row\\"><div class=\\"four wide column no-padding\\"><button value=\\"n\\" class=\\"ui compact right floated button\\">NO</button></div><div class=\\"middle aligned seven wide column ros-symptom no-padding\\">Fatigue</div><div class=\\"four wide column no-padding\\"><button value=\\"y\\" class=\\"ui compact left floated button\\">YES</button></div></div><div class=\\"row\\"><div class=\\"four wide column no-padding\\"><button value=\\"n\\" class=\\"ui compact right floated button\\">NO</button></div><div class=\\"middle aligned seven wide column ros-symptom no-padding\\">Weakness</div><div class=\\"four wide column no-padding\\"><button value=\\"y\\" class=\\"ui compact left floated button\\">YES</button></div></div><div class=\\"row\\"><div class=\\"four wide column no-padding\\"><button value=\\"n\\" class=\\"ui compact right floated button\\">NO</button></div><div class=\\"middle aligned seven wide column ros-symptom no-padding\\">Fevers</div><div class=\\"four wide column no-padding\\"><button value=\\"y\\" class=\\"ui compact left floated button\\">YES</button></div></div><div class=\\"row\\"><div class=\\"four wide column no-padding\\"><button value=\\"n\\" class=\\"ui compact right floated button\\">NO</button></div><div class=\\"middle aligned seven wide column ros-symptom no-padding\\">Chills</div><div class=\\"four wide column no-padding\\"><button value=\\"y\\" class=\\"ui compact left floated button\\">YES</button></div></div><div class=\\"row\\"><div class=\\"four wide column no-padding\\"><button value=\\"n\\" class=\\"ui compact right floated button\\">NO</button></div><div class=\\"middle aligned seven wide column ros-symptom no-padding\\">Night sweats</div><div class=\\"four wide column no-padding\\"><button value=\\"y\\" class=\\"ui compact left floated button\\">YES</button></div></div></div>"`;
