// Jest Snapshot v1, https://goo.gl/fbAQLP

exports[`Medications Integration Desktop view matches snapshot 1`] = `"<div><button class=\\"addButton\\" aria-label=\\"add-row\\"><img src=\\"add.svg\\" alt=\\"Add\\"><span>Add Medication</span></button></div>"`;

exports[`Medications Integration Mobile view matches snapshot 1`] = `"<div><button class=\\"addButton\\" aria-label=\\"add-row\\"><img src=\\"add.svg\\" alt=\\"Add\\"><span>Add Medication</span></button></div>"`;
