// Jest Snapshot v1, https://goo.gl/fbAQLP

exports[`DifferentialDiagnosesForm matches snapshot 1`] = `"<div class=\\"accordion ui fluid plan-section\\"><div class=\\"active title\\"><h2 class=\\"ui large attached header\\">Differential Diagnoses</h2></div><div class=\\"content active\\"><div class=\\"ui stackable two column grid section-body\\"><div class=\\"row\\"><div class=\\"column\\">Diagnosis</div><div class=\\"column\\">Comments</div></div><div class=\\"eight wide column\\"><div class=\\"main-input css-b62m3t-container\\"><span id=\\"react-select-3-live-region\\" class=\\"css-1f43avz-a11yText-A11yText\\"></span><span aria-live=\\"polite\\" aria-atomic=\\"false\\" aria-relevant=\\"additions text\\" class=\\"css-1f43avz-a11yText-A11yText\\"></span><div class=\\"dropdown__control css-13cymwt-control\\"><div class=\\"dropdown__value-container css-1fdsijx-ValueContainer\\"><div class=\\"dropdown__placeholder css-1jqq78o-placeholder\\" id=\\"react-select-3-placeholder\\">diagnosis</div><div class=\\"dropdown__input-container css-qbdosj-Input\\" data-value=\\"\\"><input class=\\"dropdown__input\\" style=\\"opacity: 1; width: 100%; grid-area: 1 / 2; min-width: 2px; border: 0px; margin: 0px; outline: 0; padding: 0px;\\" autocapitalize=\\"none\\" autocomplete=\\"off\\" autocorrect=\\"off\\" id=\\"react-select-3-input\\" spellcheck=\\"false\\" tabindex=\\"0\\" type=\\"text\\" aria-autocomplete=\\"list\\" aria-expanded=\\"false\\" aria-haspopup=\\"true\\" aria-label=\\"Diagnosis-Dropdown\\" role=\\"combobox\\" aria-describedby=\\"react-select-3-placeholder\\" value=\\"\\"></div></div><div class=\\"dropdown__indicators css-1hb7zxy-IndicatorsContainer\\"><span class=\\"dropdown__indicator-separator css-1u9des2-indicatorSeparator\\"></span><div class=\\"dropdown__indicator dropdown__dropdown-indicator css-1xc3v61-indicatorContainer\\" aria-hidden=\\"true\\"><svg height=\\"20\\" width=\\"20\\" viewBox=\\"0 0 20 20\\" aria-hidden=\\"true\\" focusable=\\"false\\" class=\\"css-tj5bde-Svg\\"><path d=\\"M4.516 7.548c0.436-0.446 1.043-0.481 1.576 0l3.908 3.747 3.908-3.747c0.533-0.481 1.141-0.446 1.574 0 0.436 0.445 0.408 1.197 0 1.615-0.406 0.418-4.695 4.502-4.695 4.502-0.217 0.223-0.502 0.335-0.787 0.335s-0.57-0.112-0.789-0.335c0 0-4.287-4.084-4.695-4.502s-0.436-1.17 0-1.615z\\"></path></svg></div></div></div></div><div class=\\"container\\" id=\\"main-input-div\\"></div></div><div class=\\"column\\"><div class=\\"ui form\\"><textarea uuid=\\"category\\" aria-label=\\"Diagnosis-Comment\\" placeholder=\\"e.g. this diagnosis is more likely because...\\" rows=\\"3\\"></textarea></div></div></div><div class=\\"add-row\\"><button aria-label=\\"add-row\\" class=\\"ui circular icon button hpi-ph-button\\"><i aria-hidden=\\"true\\" class=\\"plus icon\\"></i></button>add diagnosis</div></div></div>"`;
