// Jest Snapshot v1, https://goo.gl/fbAQLP

exports[`PrescriptionsForm matches snapshot 1`] = `"<div class=\\"accordion ui fluid plan-section\\"><div class=\\"active title\\"><h2 class=\\"ui large attached header\\">Prescriptions</h2></div><div class=\\"content active\\"><div class=\\"ui stackable three column grid section-body\\"><div class=\\"row\\"><div class=\\"column\\"> Rx </div><div class=\\"column\\"> Signature (Sig) </div><div class=\\"column\\"> Comments </div></div><div class=\\"column\\"><div class=\\"container\\" id=\\"prescriptions-main-input-container\\"><div class=\\"main-input recipe css-2b097c-container\\"><span aria-live=\\"polite\\" aria-atomic=\\"false\\" aria-relevant=\\"additions text\\" class=\\"css-1f43avz-a11yText-A11yText\\"></span><div class=\\"dropdown__control css-yk16xz-control\\"><div class=\\"dropdown__value-container css-g1d714-ValueContainer\\"><div class=\\"dropdown__placeholder css-1wa3eu0-placeholder\\">medication name</div><div class=\\"css-b8ldur-Input\\"><div class=\\"dropdown__input\\" style=\\"display: inline-block;\\"><input autocapitalize=\\"none\\" autocomplete=\\"off\\" autocorrect=\\"off\\" id=\\"react-select-3-input\\" spellcheck=\\"false\\" tabindex=\\"0\\" type=\\"text\\" aria-autocomplete=\\"list\\" aria-label=\\"Prescription-Dropdown\\" style=\\"box-sizing: content-box; width: 2px; border: 0px; font-size: inherit; opacity: 1; outline: 0; padding: 0px;\\" value=\\"\\"><div style=\\"position: absolute; top: 0px; left: 0px; visibility: hidden; height: 0px; overflow: scroll; white-space: pre; font-size: inherit; font-family: -webkit-small-control; letter-spacing: normal; text-transform: none;\\"></div></div></div></div><div class=\\"dropdown__indicators css-1hb7zxy-IndicatorsContainer\\"><span class=\\"dropdown__indicator-separator css-1okebmr-indicatorSeparator\\"></span><div class=\\"dropdown__indicator dropdown__dropdown-indicator css-tlfecz-indicatorContainer\\" aria-hidden=\\"true\\"><svg height=\\"20\\" width=\\"20\\" viewBox=\\"0 0 20 20\\" aria-hidden=\\"true\\" focusable=\\"false\\" class=\\"css-tj5bde-Svg\\"><path d=\\"M4.516 7.548c0.436-0.446 1.043-0.481 1.576 0l3.908 3.747 3.908-3.747c0.533-0.481 1.141-0.446 1.574 0 0.436 0.445 0.408 1.197 0 1.615-0.406 0.418-4.695 4.502-4.695 4.502-0.217 0.223-0.502 0.335-0.787 0.335s-0.57-0.112-0.789-0.335c0 0-4.287-4.084-4.695-4.502s-0.436-1.17 0-1.615z\\"></path></svg></div></div></div></div><div class=\\"container\\" id=\\"prescriptions-container3\\"></div><label>Prescription Dose</label><div class=\\"container\\" id=\\"prescriptions-container2\\"></div><div class=\\"ui form\\"><textarea type=\\"text\\" uuid=\\"category\\" aria-label=\\"Prescription-Amount\\" placeholder=\\"e.g. 81 mg tablet\\" class=\\"recipe-amount lg\\" rows=\\"3\\"></textarea></div></div></div><div class=\\"column\\"><div class=\\"ui form\\"><textarea uuid=\\"category\\" aria-label=\\"Prescription-Signature\\" placeholder=\\"e.g. 1 tablet every 8 hours\\" rows=\\"3\\"></textarea></div></div><div class=\\"column\\"><div class=\\"ui form\\"><textarea uuid=\\"category\\" aria-label=\\"Prescription-Comment\\" placeholder=\\"e.g. take with food\\" rows=\\"3\\"></textarea></div></div></div><div class=\\"add-row\\"><button aria-label=\\"add-row\\" class=\\"ui circular icon button hpi-ph-button\\"><i aria-hidden=\\"true\\" class=\\"plus icon\\"></i></button>add prescription</div></div></div>"`;
